2026-10-06T02:32:05.6000226Z Current runner version: '2.337.0'
2026-10-06T02:32:05.6021684Z ##[group]Runner Image Provisioner
2026-10-06T02:32:05.6022382Z Hosted Compute Agent
2026-10-06T02:32:05.6022912Z Version: 20260901.588
2026-10-06T02:32:05.6023492Z Commit: f88ec8081b781fac6c440065ac7ff9e710ce3d0b
2026-10-06T02:32:05.6024070Z Build Date: 2026-09-01T19:56:44Z
2026-10-06T02:32:05.6024715Z Worker ID: {3ad09f48-be3d-4d24-ab29-a8988d614230}
2026-10-06T02:32:05.6025301Z Azure Region: westus3
2026-10-06T02:32:05.6025793Z ##[endgroup]
2026-10-06T02:32:05.6026947Z ##[group]Operating System
2026-10-06T02:32:05.6027480Z Ubuntu
2026-10-06T02:32:05.6027974Z 24.04.5
2026-10-06T02:32:05.6028400Z LTS
2026-10-06T02:32:05.6028828Z ##[endgroup]
2026-10-06T02:32:05.6029390Z ##[group]Runner Image
2026-10-06T02:32:05.6030061Z Image: ubuntu-24.04
2026-10-06T02:32:05.6030573Z Version: 20260927.320.1
2026-10-06T02:32:05.6031594Z Included Software: https://github.com/actions/runner-images/blob/ubuntu24/20260927.320/images/ubuntu/Ubuntu2404-Readme.md
2026-10-06T02:32:05.6032860Z Image Release: https://github.com/actions/runner-images/releases/tag/ubuntu24%2F20260927.320
2026-10-06T02:32:05.6033669Z ##[endgroup]
2026-10-06T02:32:05.6034642Z ##[group]GITHUB_TOKEN Permissions
2026-10-06T02:32:05.6036188Z Contents: read
2026-10-06T02:32:05.6036750Z Metadata: read
2026-10-06T02:32:05.6037226Z Packages: read
2026-10-06T02:32:05.6037711Z ##[endgroup]
2026-10-06T02:32:05.6039501Z Secret source: Actions
2026-10-06T02:32:05.6040583Z Cache mode: write
2026-10-06T02:32:05.6041249Z Prepare workflow directory
2026-10-06T02:32:05.6325883Z Prepare all required actions
2026-10-06T02:32:05.6381132Z Getting action download info
2026-10-06T02:32:05.9536002Z Download action repository 'actions/checkout@v4' (SHA:11d5960a326750d5838078e36cf38b85af677262)
2026-10-06T02:32:06.1820943Z Download action repository 'actions/setup-node@v4' (SHA:49933ea5288caeca8642d1e84afbd3f7d6820020)
2026-10-06T02:32:06.2954603Z Download action repository 'actions/setup-java@v4' (SHA:cf277c60eb25467037889841efdb72551f06f6c3)
2026-10-06T02:32:07.4273364Z Download action repository 'actions/upload-artifact@v4' (SHA:ea165f8d65b6e75b540449e92b4886f43607fa02)
2026-10-06T02:32:07.9770890Z Complete job name: apk
2026-10-06T02:32:08.0345489Z ##[group]Run actions/checkout@v4
2026-10-06T02:32:08.0346155Z with:
2026-10-06T02:32:08.0346490Z   repository: change-ouyang/network-speed-app
2026-10-06T02:32:08.0348803Z   token: ***
2026-10-06T02:32:08.0349128Z   ssh-strict: true
2026-10-06T02:32:08.0349486Z   ssh-user: git
2026-10-06T02:32:08.0350145Z   persist-credentials: true
2026-10-06T02:32:08.0350486Z   clean: true
2026-10-06T02:32:08.0350868Z   sparse-checkout-cone-mode: true
2026-10-06T02:32:08.0351227Z   fetch-depth: 1
2026-10-06T02:32:08.0351555Z   fetch-tags: false
2026-10-06T02:32:08.0351914Z   show-progress: true
2026-10-06T02:32:08.0352271Z   lfs: false
2026-10-06T02:32:08.0352644Z   submodules: false
2026-10-06T02:32:08.0352957Z   set-safe-directory: true
2026-10-06T02:32:08.0353338Z   allow-unsafe-pr-checkout: false
2026-10-06T02:32:08.0354006Z ##[endgroup]
2026-10-06T02:32:08.1178375Z Syncing repository: change-ouyang/network-speed-app
2026-10-06T02:32:08.1179965Z ##[group]Getting Git version info
2026-10-06T02:32:08.1180683Z Working directory is '/home/runner/work/network-speed-app/network-speed-app'
2026-10-06T02:32:08.1181449Z [command]/usr/bin/git version
2026-10-06T02:32:08.1525034Z git version 2.55.0
2026-10-06T02:32:08.1543224Z ##[endgroup]
2026-10-06T02:32:08.1561070Z Temporarily overriding HOME='/home/runner/work/_temp/4965a5bd-1814-466a-9d70-5ee8c53bb58f' before making global git config changes
2026-10-06T02:32:08.1562122Z Adding repository directory to the temporary git global config as a safe directory
2026-10-06T02:32:08.1565374Z [command]/usr/bin/git config --global --add safe.directory /home/runner/work/network-speed-app/network-speed-app
2026-10-06T02:32:08.1613487Z Deleting the contents of '/home/runner/work/network-speed-app/network-speed-app'
2026-10-06T02:32:08.1617674Z ##[group]Initializing the repository
2026-10-06T02:32:08.1621294Z [command]/usr/bin/git init /home/runner/work/network-speed-app/network-speed-app
2026-10-06T02:32:08.1725841Z hint: Using 'master' as the name for the initial branch. This default branch name
2026-10-06T02:32:08.1727288Z hint: will change to "main" in Git 3.0. To configure the initial branch name
2026-10-06T02:32:08.1728433Z hint: to use in all of your new repositories, which will suppress this warning,
2026-10-06T02:32:08.1729527Z hint: call:
2026-10-06T02:32:08.1730403Z hint:
2026-10-06T02:32:08.1731319Z hint: 	git config --global init.defaultBranch <name>
2026-10-06T02:32:08.1732080Z hint:
2026-10-06T02:32:08.1732827Z hint: Names commonly chosen instead of 'master' are 'main', 'trunk' and
2026-10-06T02:32:08.1733900Z hint: 'development'. The just-created branch can be renamed via this command:
2026-10-06T02:32:08.1734713Z hint:
2026-10-06T02:32:08.1735440Z hint: 	git branch -m <name>
2026-10-06T02:32:08.1735996Z hint:
2026-10-06T02:32:08.1736739Z hint: Disable this message with "git config set advice.defaultBranchName false"
2026-10-06T02:32:08.1738709Z Initialized empty Git repository in /home/runner/work/network-speed-app/network-speed-app/.git/
2026-10-06T02:32:08.1741369Z [command]/usr/bin/git remote add origin https://github.com/change-ouyang/network-speed-app
2026-10-06T02:32:08.1785363Z ##[endgroup]
2026-10-06T02:32:08.1786176Z ##[group]Disabling automatic garbage collection
2026-10-06T02:32:08.1787932Z [command]/usr/bin/git config --local gc.auto 0
2026-10-06T02:32:08.1823849Z ##[endgroup]
2026-10-06T02:32:08.1825325Z ##[group]Setting up auth
2026-10-06T02:32:08.1832339Z [command]/usr/bin/git config --local --name-only --get-regexp core\.sshCommand
2026-10-06T02:32:08.1862649Z [command]/usr/bin/git submodule foreach --recursive sh -c "git config --local --name-only --get-regexp 'core\.sshCommand' && git config --local --unset-all 'core.sshCommand' || :"
2026-10-06T02:32:08.3367499Z [command]/usr/bin/git config --local --name-only --get-regexp http\.https\:\/\/github\.com\/\.extraheader
2026-10-06T02:32:08.3399884Z [command]/usr/bin/git submodule foreach --recursive sh -c "git config --local --name-only --get-regexp 'http\.https\:\/\/github\.com\/\.extraheader' && git config --local --unset-all 'http.https://github.com/.extraheader' || :"
2026-10-06T02:32:08.3592017Z [command]/usr/bin/git config --local --name-only --get-regexp ^includeIf\.gitdir:
2026-10-06T02:32:08.3622705Z [command]/usr/bin/git submodule foreach --recursive git config --local --show-origin --name-only --get-regexp remote.origin.url
2026-10-06T02:32:08.3812126Z [command]/usr/bin/git config --local http.https://github.com/.extraheader AUTHORIZATION: basic ***
2026-10-06T02:32:08.3847884Z ##[endgroup]
2026-10-06T02:32:08.3854597Z ##[group]Fetching the repository
2026-10-06T02:32:08.3855604Z [command]/usr/bin/git -c protocol.version=2 fetch --no-tags --prune --no-recurse-submodules --depth=1 origin +4aad84f477e1152131fca4be4401c99182c24e51:refs/remotes/origin/main
2026-10-06T02:32:09.6584533Z From https://github.com/change-ouyang/network-speed-app
2026-10-06T02:32:09.6585189Z  * [new ref]         4aad84f477e1152131fca4be4401c99182c24e51 -> origin/main
2026-10-06T02:32:09.6588461Z ##[endgroup]
2026-10-06T02:32:09.6589057Z ##[group]Determining the checkout info
2026-10-06T02:32:09.6591775Z ##[endgroup]
2026-10-06T02:32:09.6598681Z [command]/usr/bin/git sparse-checkout disable
2026-10-06T02:32:09.6649420Z [command]/usr/bin/git config --local --unset-all extensions.worktreeConfig
2026-10-06T02:32:09.6678429Z ##[group]Checking out the ref
2026-10-06T02:32:09.6717531Z [command]/usr/bin/git checkout --progress --force -B main refs/remotes/origin/main
2026-10-06T02:32:09.6848691Z Switched to a new branch 'main'
2026-10-06T02:32:09.6853426Z branch 'main' set up to track 'origin/main'.
2026-10-06T02:32:09.6863994Z ##[endgroup]
2026-10-06T02:32:09.6896840Z [command]/usr/bin/git log -1 --format=%H
2026-10-06T02:32:09.6920044Z 4aad84f477e1152131fca4be4401c99182c24e51
2026-10-06T02:32:09.7142479Z ##[group]Run actions/setup-node@v4
2026-10-06T02:32:09.7142882Z with:
2026-10-06T02:32:09.7143050Z   node-version: 20
2026-10-06T02:32:09.7143227Z   always-auth: false
2026-10-06T02:32:09.7143406Z   check-latest: false
2026-10-06T02:32:09.7145326Z   token: ***
2026-10-06T02:32:09.7145514Z ##[endgroup]
2026-10-06T02:32:09.8525685Z Attempting to download 20...
2026-10-06T02:32:09.8607445Z (node:2111) [DEP0040] DeprecationWarning: The `punycode` module is deprecated. Please use a userland alternative instead.
2026-10-06T02:32:09.8608156Z (Use `node --trace-deprecation ...` to show where the warning was created)
2026-10-06T02:32:10.8986497Z Acquiring 20.20.2 - x64 from https://github.com/actions/node-versions/releases/download/20.20.2-23521894959/node-20.20.2-linux-x64.tar.gz
2026-10-06T02:32:11.3955652Z Extracting ...
2026-10-06T02:32:11.4050271Z [command]/usr/bin/tar xz --strip 1 --warning=no-unknown-keyword --overwrite -C /home/runner/work/_temp/1327a35f-fe28-433b-ba67-b28bc72509fc -f /home/runner/work/_temp/432db89d-055c-4168-9801-4565ae4973ec
2026-10-06T02:32:12.2664463Z Adding to the cache ...
2026-10-06T02:32:14.3862333Z ##[group]Environment details
2026-10-06T02:32:14.5940326Z node: v20.20.2
2026-10-06T02:32:14.5940778Z npm: 10.8.2
2026-10-06T02:32:14.5941029Z yarn: 1.22.22
2026-10-06T02:32:14.5941581Z ##[endgroup]
2026-10-06T02:32:14.6137387Z ##[group]Run actions/setup-java@v4
2026-10-06T02:32:14.6137625Z with:
2026-10-06T02:32:14.6137802Z   distribution: temurin
2026-10-06T02:32:14.6137987Z   java-version: 21
2026-10-06T02:32:14.6138159Z   java-package: jdk
2026-10-06T02:32:14.6138323Z   check-latest: false
2026-10-06T02:32:14.6138492Z   server-id: github
2026-10-06T02:32:14.6138670Z   server-username: GITHUB_ACTOR
2026-10-06T02:32:14.6138877Z   server-password: GITHUB_TOKEN
2026-10-06T02:32:14.6139083Z   overwrite-settings: true
2026-10-06T02:32:14.6139273Z   job-status: success
2026-10-06T02:32:14.6141426Z   token: ***
2026-10-06T02:32:14.6141597Z ##[endgroup]
2026-10-06T02:32:14.7472168Z ##[warning]setup-java v4 is deprecated and will no longer receive updates. Please migrate to actions/setup-java@v5.
2026-10-06T02:32:14.7478702Z ##[group]Installed distributions
2026-10-06T02:32:14.7568492Z Resolved Java 21.0.12+1 from tool-cache
2026-10-06T02:32:14.7569019Z Setting Java 21.0.12+1 as the default
2026-10-06T02:32:14.7573576Z (node:2146) [DEP0040] DeprecationWarning: The `punycode` module is deprecated. Please use a userland alternative instead.
2026-10-06T02:32:14.7574618Z (Use `node --trace-deprecation ...` to show where the warning was created)
2026-10-06T02:32:14.7576278Z Creating toolchains.xml for JDK version 21 from temurin
2026-10-06T02:32:14.7631774Z Writing to /home/runner/.m2/toolchains.xml
2026-10-06T02:32:14.7632083Z 
2026-10-06T02:32:14.7632245Z Java configuration:
2026-10-06T02:32:14.7632570Z   Distribution: temurin
2026-10-06T02:32:14.7632872Z   Version: 21.0.12+1
2026-10-06T02:32:14.7633359Z   Path: /opt/hostedtoolcache/Java_Temurin-Hotspot_jdk/21.0.12-1/x64
2026-10-06T02:32:14.7633736Z 
2026-10-06T02:32:14.7634083Z ##[endgroup]
2026-10-06T02:32:14.7637749Z Creating settings.xml with server-id: github
2026-10-06T02:32:14.7678031Z Writing to /home/runner/.m2/settings.xml
2026-10-06T02:32:14.7807640Z ##[group]Run yes | "$ANDROID_HOME/cmdline-tools/latest/bin/sdkmanager" --licenses > /dev/null 2>&1 || true
2026-10-06T02:32:14.7808265Z [36;1myes | "$ANDROID_HOME/cmdline-tools/latest/bin/sdkmanager" --licenses > /dev/null 2>&1 || true[0m
2026-10-06T02:32:14.8936035Z shell: /usr/bin/bash -e {0}
2026-10-06T02:32:14.8936300Z env:
2026-10-06T02:32:14.8936582Z   JAVA_HOME: /opt/hostedtoolcache/Java_Temurin-Hotspot_jdk/21.0.12-1/x64
2026-10-06T02:32:14.8936978Z   JAVA_HOME_21_X64: /opt/hostedtoolcache/Java_Temurin-Hotspot_jdk/21.0.12-1/x64
2026-10-06T02:32:14.8937279Z ##[endgroup]
2026-10-06T02:32:28.1021667Z yes: standard output: Broken pipe
2026-10-06T02:32:28.1058787Z ##[group]Run npm ci
2026-10-06T02:32:28.1059003Z [36;1mnpm ci[0m
2026-10-06T02:32:28.1116130Z shell: /usr/bin/bash -e {0}
2026-10-06T02:32:28.1116336Z env:
2026-10-06T02:32:28.1116761Z   JAVA_HOME: /opt/hostedtoolcache/Java_Temurin-Hotspot_jdk/21.0.12-1/x64
2026-10-06T02:32:28.1117153Z   JAVA_HOME_21_X64: /opt/hostedtoolcache/Java_Temurin-Hotspot_jdk/21.0.12-1/x64
2026-10-06T02:32:28.1117450Z ##[endgroup]
2026-10-06T02:32:35.0352119Z 
2026-10-06T02:32:35.0353027Z added 221 packages, and audited 222 packages in 7s
2026-10-06T02:32:35.0353391Z 
2026-10-06T02:32:35.0353593Z 32 packages are looking for funding
2026-10-06T02:32:35.0353960Z   run `npm fund` for details
2026-10-06T02:32:35.0669481Z 
2026-10-06T02:32:35.0670706Z 7 vulnerabilities (3 moderate, 3 high, 1 critical)
2026-10-06T02:32:35.0670971Z 
2026-10-06T02:32:35.0671149Z To address issues that do not require attention, run:
2026-10-06T02:32:35.0671433Z   npm audit fix
2026-10-06T02:32:35.0671543Z 
2026-10-06T02:32:35.0671815Z Some issues need review, and may require choosing
2026-10-06T02:32:35.0672166Z a different dependency.
2026-10-06T02:32:35.0672286Z 
2026-10-06T02:32:35.0672404Z Run `npm audit` for details.
2026-10-06T02:32:35.0883026Z ##[group]Run npx cap sync android
2026-10-06T02:32:35.0883288Z [36;1mnpx cap sync android[0m
2026-10-06T02:32:35.0941781Z shell: /usr/bin/bash -e {0}
2026-10-06T02:32:35.0941996Z env:
2026-10-06T02:32:35.0942254Z   JAVA_HOME: /opt/hostedtoolcache/Java_Temurin-Hotspot_jdk/21.0.12-1/x64
2026-10-06T02:32:35.0942656Z   JAVA_HOME_21_X64: /opt/hostedtoolcache/Java_Temurin-Hotspot_jdk/21.0.12-1/x64
2026-10-06T02:32:35.0942964Z ##[endgroup]
2026-10-06T02:32:35.5025593Z ✔ Copying web assets from www to android/app/src/main/assets/public in 5.20ms
2026-10-06T02:32:35.5033190Z ✔ Creating capacitor.config.json in android/app/src/main/assets in 657.29μs
2026-10-06T02:32:35.5053377Z ✔ copy android in 10.43ms
2026-10-06T02:32:35.5077959Z ✔ Updating Android plugins in 508.16μs
2026-10-06T02:32:35.5093867Z [info] Found 1 Capacitor plugin for android:
2026-10-06T02:32:35.5094260Z        @capacitor/app@7.1.2
2026-10-06T02:32:35.5229993Z ✔ update android in 16.51ms
2026-10-06T02:32:35.5239238Z [info] Sync finished in 0.036s
2026-10-06T02:32:35.5457250Z ##[group]Run sed -i "s/versionCode [0-9][0-9]*/versionCode 1/" app/build.gradle
2026-10-06T02:32:35.5457699Z [36;1msed -i "s/versionCode [0-9][0-9]*/versionCode 1/" app/build.gradle[0m
2026-10-06T02:32:35.5514708Z shell: /usr/bin/bash -e {0}
2026-10-06T02:32:35.5514927Z env:
2026-10-06T02:32:35.5515177Z   JAVA_HOME: /opt/hostedtoolcache/Java_Temurin-Hotspot_jdk/21.0.12-1/x64
2026-10-06T02:32:35.5515566Z   JAVA_HOME_21_X64: /opt/hostedtoolcache/Java_Temurin-Hotspot_jdk/21.0.12-1/x64
2026-10-06T02:32:35.5515867Z ##[endgroup]
2026-10-06T02:32:35.5628726Z ##[group]Run chmod +x gradlew
2026-10-06T02:32:35.5628972Z [36;1mchmod +x gradlew[0m
2026-10-06T02:32:35.5629189Z [36;1m./gradlew assembleDebug --no-daemon[0m
2026-10-06T02:32:35.5682370Z shell: /usr/bin/bash -e {0}
2026-10-06T02:32:35.5682587Z env:
2026-10-06T02:32:35.5682829Z   JAVA_HOME: /opt/hostedtoolcache/Java_Temurin-Hotspot_jdk/21.0.12-1/x64
2026-10-06T02:32:35.5683210Z   JAVA_HOME_21_X64: /opt/hostedtoolcache/Java_Temurin-Hotspot_jdk/21.0.12-1/x64
2026-10-06T02:32:35.5683525Z ##[endgroup]
2026-10-06T02:32:35.7441455Z Downloading https://services.gradle.org/distributions/gradle-8.11.1-all.zip
2026-10-06T02:32:37.2341621Z .....................10%......................20%......................30%......................40%......................50%......................60%......................70%......................80%......................90%......................100%
2026-10-06T02:32:40.2550636Z 
2026-10-06T02:32:40.2551951Z Welcome to Gradle 8.11.1!
2026-10-06T02:32:40.2552514Z 
2026-10-06T02:32:40.2552991Z Here are the highlights of this release:
2026-10-06T02:32:40.2553695Z  - Parallel load and store for Configuration Cache
2026-10-06T02:32:40.2554451Z  - Java compilation errors at the end of the build output
2026-10-06T02:32:40.2554995Z  - Consolidated report for warnings and deprecations
2026-10-06T02:32:40.2555334Z 
2026-10-06T02:32:40.2555881Z For more details see https://docs.gradle.org/8.11.1/release-notes.html
2026-10-06T02:32:40.2556827Z 
2026-10-06T02:32:40.3554424Z To honour the JVM settings for this build a single-use Daemon process will be forked. For more on this, please refer to https://docs.gradle.org/8.11.1/userguide/gradle_daemon.html#sec:disabling_the_daemon in the Gradle documentation.
2026-10-06T02:32:41.8561280Z Daemon will be stopped at the end of the build 
2026-10-06T02:33:10.8550692Z 
2026-10-06T02:33:10.8562626Z > Configure project :app
2026-10-06T02:33:10.8568887Z WARNING: Using flatDir should be avoided because it doesn't support any meta-data formats.
2026-10-06T02:33:12.7580229Z 
2026-10-06T02:33:12.7639026Z > Configure project :capacitor-cordova-android-plugins
2026-10-06T02:33:12.7670916Z WARNING: Using flatDir should be avoided because it doesn't support any meta-data formats.
2026-10-06T02:33:15.1555083Z 
2026-10-06T02:33:15.1580638Z > Task :app:preBuild UP-TO-DATE
2026-10-06T02:33:15.1610423Z > Task :app:preDebugBuild UP-TO-DATE
2026-10-06T02:33:15.1638203Z > Task :app:mergeDebugNativeDebugMetadata NO-SOURCE
2026-10-06T02:33:15.2554129Z > Task :capacitor-android:preBuild UP-TO-DATE
2026-10-06T02:33:15.2560769Z > Task :capacitor-android:preDebugBuild UP-TO-DATE
2026-10-06T02:33:15.2561434Z > Task :app:javaPreCompileDebug
2026-10-06T02:33:15.2562042Z > Task :capacitor-android:writeDebugAarMetadata
2026-10-06T02:33:16.0544019Z > Task :capacitor-app:preBuild UP-TO-DATE
2026-10-06T02:33:16.0544584Z > Task :capacitor-app:preDebugBuild UP-TO-DATE
2026-10-06T02:33:16.0545133Z > Task :capacitor-cordova-android-plugins:preBuild UP-TO-DATE
2026-10-06T02:33:16.0547187Z > Task :capacitor-cordova-android-plugins:preDebugBuild UP-TO-DATE
2026-10-06T02:33:16.0547722Z > Task :capacitor-app:writeDebugAarMetadata
2026-10-06T02:33:16.0548235Z > Task :capacitor-cordova-android-plugins:writeDebugAarMetadata
2026-10-06T02:33:16.0548699Z > Task :app:generateDebugResValues
2026-10-06T02:33:25.5545444Z > Task :capacitor-android:generateDebugResValues
2026-10-06T02:33:25.5546504Z > Task :capacitor-android:generateDebugResources
2026-10-06T02:33:25.5547318Z > Task :app:checkDebugAarMetadata
2026-10-06T02:33:25.6543679Z > Task :capacitor-android:packageDebugResources
2026-10-06T02:33:25.6547119Z > Task :capacitor-app:generateDebugResValues
2026-10-06T02:33:25.6547781Z > Task :capacitor-app:generateDebugResources
2026-10-06T02:33:25.6548492Z > Task :capacitor-app:packageDebugResources
2026-10-06T02:33:25.6555318Z > Task :capacitor-cordova-android-plugins:generateDebugResValues
2026-10-06T02:33:25.6556261Z > Task :capacitor-cordova-android-plugins:generateDebugResources
2026-10-06T02:33:25.6557376Z > Task :capacitor-cordova-android-plugins:packageDebugResources
2026-10-06T02:33:26.0544385Z > Task :app:mapDebugSourceSetPaths
2026-10-06T02:33:26.0545923Z > Task :app:generateDebugResources
2026-10-06T02:33:26.7620925Z > Task :app:packageDebugResources
2026-10-06T02:33:27.1554718Z > Task :app:mergeDebugResources
2026-10-06T02:33:27.1580508Z > Task :app:createDebugCompatibleScreenManifests
2026-10-06T02:33:27.1581347Z > Task :app:extractDeepLinksDebug
2026-10-06T02:33:27.1612224Z > Task :capacitor-android:extractDeepLinksDebug
2026-10-06T02:33:27.1630404Z > Task :capacitor-app:extractDeepLinksDebug
2026-10-06T02:33:27.2546018Z > Task :capacitor-cordova-android-plugins:extractDeepLinksDebug
2026-10-06T02:33:27.2553196Z > Task :app:parseDebugLocalResources
2026-10-06T02:33:27.2554052Z > Task :capacitor-android:processDebugManifest
2026-10-06T02:33:27.2554923Z > Task :capacitor-cordova-android-plugins:processDebugManifest
2026-10-06T02:33:27.2558611Z > Task :capacitor-app:processDebugManifest
2026-10-06T02:33:27.9545111Z > Task :capacitor-android:compileDebugLibraryResources
2026-10-06T02:33:27.9550715Z > Task :app:processDebugMainManifest
2026-10-06T02:33:28.1551199Z > Task :app:processDebugManifest
2026-10-06T02:33:28.2570959Z > Task :app:processDebugManifestForPackage
2026-10-06T02:33:28.2579619Z > Task :capacitor-app:compileDebugLibraryResources
2026-10-06T02:33:28.2583934Z > Task :capacitor-android:parseDebugLocalResources
2026-10-06T02:33:28.2584931Z > Task :capacitor-app:parseDebugLocalResources
2026-10-06T02:33:28.2585822Z > Task :capacitor-cordova-android-plugins:compileDebugLibraryResources
2026-10-06T02:33:28.2588088Z > Task :capacitor-android:javaPreCompileDebug
2026-10-06T02:33:28.2588922Z > Task :capacitor-cordova-android-plugins:parseDebugLocalResources
2026-10-06T02:33:28.2589839Z > Task :capacitor-app:javaPreCompileDebug
2026-10-06T02:33:28.2590449Z > Task :capacitor-app:generateDebugRFile
2026-10-06T02:33:28.2591019Z > Task :capacitor-android:generateDebugRFile
2026-10-06T02:33:28.2593022Z > Task :capacitor-cordova-android-plugins:javaPreCompileDebug
2026-10-06T02:33:28.2593899Z > Task :capacitor-cordova-android-plugins:generateDebugRFile
2026-10-06T02:33:33.6544800Z Note: Some input files use unchecked or unsafe operations.
2026-10-06T02:33:33.6545223Z 
2026-10-06T02:33:33.6546156Z > Task :capacitor-android:compileDebugJavaWithJavac
2026-10-06T02:33:33.7554959Z Note: Recompile with -Xlint:unchecked for details.
2026-10-06T02:33:35.9542512Z 
2026-10-06T02:33:35.9581803Z > Task :capacitor-cordova-android-plugins:compileDebugJavaWithJavac NO-SOURCE
2026-10-06T02:33:35.9671001Z > Task :capacitor-cordova-android-plugins:bundleLibCompileToJarDebug
2026-10-06T02:33:36.0556574Z > Task :capacitor-android:bundleLibCompileToJarDebug
2026-10-06T02:33:36.0578313Z > Task :app:mergeDebugShaders
2026-10-06T02:33:36.3545111Z > Task :app:processDebugResources
2026-10-06T02:33:36.3560651Z > Task :capacitor-app:compileDebugJavaWithJavac
2026-10-06T02:33:36.3582794Z > Task :app:compileDebugShaders NO-SOURCE
2026-10-06T02:33:36.3583348Z > Task :app:generateDebugAssets UP-TO-DATE
2026-10-06T02:33:36.3583869Z > Task :capacitor-app:bundleLibCompileToJarDebug
2026-10-06T02:33:36.5543356Z 
2026-10-06T02:33:36.5544145Z > Task :app:compileDebugJavaWithJavac FAILED
2026-10-06T02:33:36.5545257Z /home/runner/work/network-speed-app/network-speed-app/android/app/src/main/java/com/ouyang/speedcheck/SpeedForegroundService.java:66: error: cannot find symbol
2026-10-06T02:33:36.5548997Z                     .setText("后台测速进行中")
2026-10-06T02:33:36.5549350Z                     ^
2026-10-06T02:33:36.5550470Z [Incubating] Problems report is available at: file:///home/runner/work/network-speed-app/network-speed-app/android/build/reports/problems/problems-report.html
2026-10-06T02:33:36.5551506Z   symbol:   method setText(String)
2026-10-06T02:33:36.5551894Z   location: class Builder
2026-10-06T02:33:36.5553356Z /home/runner/work/network-speed-app/network-speed-app/android/app/src/main/java/com/ouyang/speedcheck/SpeedForegroundService.java:73: error: cannot find symbol
2026-10-06T02:33:36.5554523Z                 .setText("后台测速进行中")
2026-10-06T02:33:36.5570687Z                 ^
2026-10-06T02:33:36.5580631Z   symbol:   method setText(String)
2026-10-06T02:33:36.5581178Z   location: class Builder
2026-10-06T02:33:36.5581635Z 2 errors
2026-10-06T02:33:36.6570373Z 
2026-10-06T02:33:36.6571119Z 51 actionable tasks: 51 executed
2026-10-06T02:33:36.6610418Z FAILURE: Build failed with an exception.
2026-10-06T02:33:36.6630052Z 
2026-10-06T02:33:36.6650506Z * What went wrong:
2026-10-06T02:33:36.6651329Z Execution failed for task ':app:compileDebugJavaWithJavac'.
2026-10-06T02:33:36.6652203Z > Compilation failed; see the compiler output below.
2026-10-06T02:33:36.6653532Z   /home/runner/work/network-speed-app/network-speed-app/android/app/src/main/java/com/ouyang/speedcheck/SpeedForegroundService.java:66: error: cannot find symbol
2026-10-06T02:33:36.6655023Z                       .setText("后台测速进行中")
2026-10-06T02:33:36.6655538Z                       ^
2026-10-06T02:33:36.6656010Z     symbol:   method setText(String)
2026-10-06T02:33:36.6656492Z     location: class Builder
2026-10-06T02:33:36.6657694Z   /home/runner/work/network-speed-app/network-speed-app/android/app/src/main/java/com/ouyang/speedcheck/SpeedForegroundService.java:73: error: cannot find symbol
2026-10-06T02:33:36.6658937Z                   .setText("后台测速进行中")
2026-10-06T02:33:36.6660025Z                   ^
2026-10-06T02:33:36.6660482Z     symbol:   method setText(String)
2026-10-06T02:33:36.6660960Z     location: class Builder
2026-10-06T02:33:36.6661395Z   2 errors
2026-10-06T02:33:36.6661671Z 
2026-10-06T02:33:36.6661902Z * Try:
2026-10-06T02:33:36.6662513Z > Check your code and dependencies to fix the compilation error(s)
2026-10-06T02:33:36.6663195Z > Run with --scan to get full insights.
2026-10-06T02:33:36.6663570Z 
2026-10-06T02:33:36.6663833Z BUILD FAILED in 1m
2026-10-06T02:33:36.8402276Z ##[error]Process completed with exit code 1.
2026-10-06T02:33:36.8483192Z Post job cleanup.
2026-10-06T02:33:36.9622847Z (node:2601) [DEP0040] DeprecationWarning: The `punycode` module is deprecated. Please use a userland alternative instead.
2026-10-06T02:33:36.9623524Z (Use `node --trace-deprecation ...` to show where the warning was created)
2026-10-06T02:33:36.9808369Z Post job cleanup.
2026-10-06T02:33:37.0555266Z [command]/usr/bin/git version
2026-10-06T02:33:37.0596973Z git version 2.55.0
2026-10-06T02:33:37.0637547Z Temporarily overriding HOME='/home/runner/work/_temp/d7f63b7a-bcce-412e-b32a-dc612fa13b9b' before making global git config changes
2026-10-06T02:33:37.0640821Z Adding repository directory to the temporary git global config as a safe directory
2026-10-06T02:33:37.0642951Z [command]/usr/bin/git config --global --add safe.directory /home/runner/work/network-speed-app/network-speed-app
2026-10-06T02:33:37.1459319Z [command]/usr/bin/git config --local --name-only --get-regexp core\.sshCommand
2026-10-06T02:33:37.1498211Z [command]/usr/bin/git submodule foreach --recursive sh -c "git config --local --name-only --get-regexp 'core\.sshCommand' && git config --local --unset-all 'core.sshCommand' || :"
2026-10-06T02:33:37.1698695Z [command]/usr/bin/git config --local --name-only --get-regexp http\.https\:\/\/github\.com\/\.extraheader
2026-10-06T02:33:37.2363923Z http.https://github.com/.extraheader
2026-10-06T02:33:37.2377265Z [command]/usr/bin/git config --local --unset-all http.https://github.com/.extraheader
2026-10-06T02:33:37.2593166Z [command]/usr/bin/git submodule foreach --recursive sh -c "git config --local --name-only --get-regexp 'http\.https\:\/\/github\.com\/\.extraheader' && git config --local --unset-all 'http.https://github.com/.extraheader' || :"
2026-10-06T02:33:37.2795999Z [command]/usr/bin/git config --local --name-only --get-regexp ^includeIf\.gitdir:
2026-10-06T02:33:37.2827096Z [command]/usr/bin/git submodule foreach --recursive git config --local --show-origin --name-only --get-regexp remote.origin.url
2026-10-06T02:33:37.3135629Z Cleaning up orphan processes
2026-10-06T02:33:37.3402412Z ##[warning]Node.js 20 is deprecated. The following actions target Node.js 20 but are being forced to run on Node.js 24: actions/checkout@v4, actions/setup-java@v4, actions/setup-node@v4. For more information see: https://github.blog/changelog/2025-09-19-deprecation-of-node-20-on-github-actions-runners/
